// Jest Snapshot v1, https://goo.gl/fbAQLP

exports[`Applications should render as expected 1`] = `
<RCTScrollView
  style={
    Object {
      "flex": 1,
    }
  }
>
  <View />
</RCTScrollView>
`;
