// Jest Snapshot v1, https://goo.gl/fbAQLP

exports[`Search should render as expected 1`] = `
<RCTScrollView
  style={
    Object {
      "flex": 1,
    }
  }
>
  <View>
    <View
      style={
        Object {
          "alignItems": "center",
          "borderBottomColor": "#ddd",
          "borderBottomWidth": 1,
          "flexDirection": "column",
          "paddingHorizontal": 12,
          "paddingVertical": 15,
        }
      }
    >
      <View
        style={
          Object {
            "alignItems": "center",
            "flexDirection": "column",
            "width": "100%",
          }
        }
      >
        <View
          style={
            Object {
              "alignItems": "center",
              "backgroundColor": "#eee",
              "borderRadius": 4,
              "flexDirection": "row",
              "height": 45,
              "paddingLeft": 10,
              "width": "100%",
            }
          }
        >
          <Icon
            name="search"
            size={20}
          />
          <View
            style={
              Object {
                "height": "100%",
                "marginLeft": 5,
                "marginRight": 5,
              }
            }
          />
          <TextInput
            allowFontScaling={true}
            numberOfLines={1}
            onChangeText={[Function]}
            onEndEditing={[Function]}
            placeholder="Search anything"
            rejectResponderTermination={true}
            style={
              Object {
                "width": "100%",
              }
            }
            underlineColorAndroid="transparent"
          />
        </View>
      </View>
    </View>
    <View
      style={
        Object {
          "alignItems": "center",
          "borderBottomColor": "#ddd",
          "borderBottomWidth": 1,
          "flexDirection": "column",
          "paddingHorizontal": 12,
          "paddingVertical": 15,
        }
      }
    >
      <View
        style={
          Object {
            "alignItems": "center",
            "flexDirection": "row",
            "justifyContent": "space-between",
            "width": "100%",
          }
        }
      >
        <Text
          style={
            Object {
              "fontSize": 40,
              "fontWeight": "600",
              "marginBottom": 0,
              "textAlign": "left",
            }
          }
        >
          Songs
        </Text>
        <Text
          onPress={[Function]}
          style={
            Object {
              "fontWeight": "700",
            }
          }
        >
          See All...
        </Text>
      </View>
      <View
        style={
          Object {
            "marginBottom": 5,
            "marginTop": 5,
            "width": "100%",
          }
        }
      />
      <View
        style={
          Object {
            "alignItems": "center",
            "flexDirection": "column",
            "paddingHorizontal": 12,
            "paddingVertical": 10,
          }
        }
      >
        <View
          accessible={true}
          focusable={true}
          isTVSelectable={true}
          onClick={[Function]}
          onResponderGrant={[Function]}
          onResponderMove={[Function]}
          onResponderRelease={[Function]}
          onResponderTerminate={[Function]}
          onResponderTerminationRequest={[Function]}
          onStartShouldSetResponder={[Function]}
          style={
            Object {
              "alignItems": "center",
              "flexDirection": "row",
              "height": 60,
              "opacity": 1,
              "width": "100%",
            }
          }
        >
          <Image
            source={
              Object {
                "uri": "",
              }
            }
            style={
              Object {
                "backgroundColor": "#ddd",
                "height": "100%",
                "width": 60,
              }
            }
          />
          <View
            style={
              Object {
                "height": "100%",
                "marginLeft": 5,
                "marginRight": 5,
              }
            }
          />
          <View
            style={
              Object {
                "flex": 1,
                "flexDirection": "column",
                "height": "100%",
                "justifyContent": "center",
              }
            }
          >
            <Text
              numberOfLines={1}
              style={
                Object {
                  "flex": 1,
                  "fontSize": 35,
                  "fontWeight": "600",
                  "marginBottom": 0,
                  "textAlign": "left",
                }
              }
            >
              
            </Text>
            <Text
              numberOfLines={1}
              style={
                Object {
                  "flex": 1,
                  "fontSize": 28,
                  "fontWeight": "600",
                  "marginBottom": 0,
                  "textAlign": "left",
                }
              }
            >
              
            </Text>
          </View>
        </View>
        <View
          style={
            Object {
              "marginBottom": 5,
              "marginTop": 5,
              "width": "100%",
            }
          }
        />
        <View
          accessible={true}
          focusable={true}
          isTVSelectable={true}
          onClick={[Function]}
          onResponderGrant={[Function]}
          onResponderMove={[Function]}
          onResponderRelease={[Function]}
          onResponderTerminate={[Function]}
          onResponderTerminationRequest={[Function]}
          onStartShouldSetResponder={[Function]}
          style={
            Object {
              "alignItems": "center",
              "flexDirection": "row",
              "height": 60,
              "opacity": 1,
              "width": "100%",
            }
          }
        >
          <Image
            source={
              Object {
                "uri": "",
              }
            }
            style={
              Object {
                "backgroundColor": "#ddd",
                "height": "100%",
                "width": 60,
              }
            }
          />
          <View
            style={
              Object {
                "height": "100%",
                "marginLeft": 5,
                "marginRight": 5,
              }
            }
          />
          <View
            style={
              Object {
                "flex": 1,
                "flexDirection": "column",
                "height": "100%",
                "justifyContent": "center",
              }
            }
          >
            <Text
              numberOfLines={1}
              style={
                Object {
                  "flex": 1,
                  "fontSize": 35,
                  "fontWeight": "600",
                  "marginBottom": 0,
                  "textAlign": "left",
                }
              }
            >
              
            </Text>
            <Text
              numberOfLines={1}
              style={
                Object {
                  "flex": 1,
                  "fontSize": 28,
                  "fontWeight": "600",
                  "marginBottom": 0,
                  "textAlign": "left",
                }
              }
            >
              
            </Text>
          </View>
        </View>
        <View
          style={
            Object {
              "marginBottom": 5,
              "marginTop": 5,
              "width": "100%",
            }
          }
        />
        <View
          accessible={true}
          focusable={true}
          isTVSelectable={true}
          onClick={[Function]}
          onResponderGrant={[Function]}
          onResponderMove={[Function]}
          onResponderRelease={[Function]}
          onResponderTerminate={[Function]}
          onResponderTerminationRequest={[Function]}
          onStartShouldSetResponder={[Function]}
          style={
            Object {
              "alignItems": "center",
              "flexDirection": "row",
              "height": 60,
              "opacity": 1,
              "width": "100%",
            }
          }
        >
          <Image
            source={
              Object {
                "uri": "",
              }
            }
            style={
              Object {
                "backgroundColor": "#ddd",
                "height": "100%",
                "width": 60,
              }
            }
          />
          <View
            style={
              Object {
                "height": "100%",
                "marginLeft": 5,
                "marginRight": 5,
              }
            }
          />
          <View
            style={
              Object {
                "flex": 1,
                "flexDirection": "column",
                "height": "100%",
                "justifyContent": "center",
              }
            }
          >
            <Text
              numberOfLines={1}
              style={
                Object {
                  "flex": 1,
                  "fontSize": 35,
                  "fontWeight": "600",
                  "marginBottom": 0,
                  "textAlign": "left",
                }
              }
            >
              
            </Text>
            <Text
              numberOfLines={1}
              style={
                Object {
                  "flex": 1,
                  "fontSize": 28,
                  "fontWeight": "600",
                  "marginBottom": 0,
                  "textAlign": "left",
                }
              }
            >
              
            </Text>
          </View>
        </View>
        <View
          style={
            Object {
              "marginBottom": 5,
              "marginTop": 5,
              "width": "100%",
            }
          }
        />
        <View
          accessible={true}
          focusable={true}
          isTVSelectable={true}
          onClick={[Function]}
          onResponderGrant={[Function]}
          onResponderMove={[Function]}
          onResponderRelease={[Function]}
          onResponderTerminate={[Function]}
          onResponderTerminationRequest={[Function]}
          onStartShouldSetResponder={[Function]}
          style={
            Object {
              "alignItems": "center",
              "flexDirection": "row",
              "height": 60,
              "opacity": 1,
              "width": "100%",
            }
          }
        >
          <Image
            source={
              Object {
                "uri": "",
              }
            }
            style={
              Object {
                "backgroundColor": "#ddd",
                "height": "100%",
                "width": 60,
              }
            }
          />
          <View
            style={
              Object {
                "height": "100%",
                "marginLeft": 5,
                "marginRight": 5,
              }
            }
          />
          <View
            style={
              Object {
                "flex": 1,
                "flexDirection": "column",
                "height": "100%",
                "justifyContent": "center",
              }
            }
          >
            <Text
              numberOfLines={1}
              style={
                Object {
                  "flex": 1,
                  "fontSize": 35,
                  "fontWeight": "600",
                  "marginBottom": 0,
                  "textAlign": "left",
                }
              }
            >
              
            </Text>
            <Text
              numberOfLines={1}
              style={
                Object {
                  "flex": 1,
                  "fontSize": 28,
                  "fontWeight": "600",
                  "marginBottom": 0,
                  "textAlign": "left",
                }
              }
            >
              
            </Text>
          </View>
        </View>
      </View>
    </View>
    <View
      style={
        Object {
          "alignItems": "center",
          "borderBottomColor": "#ddd",
          "borderBottomWidth": 1,
          "flexDirection": "column",
          "paddingHorizontal": 12,
          "paddingVertical": 15,
        }
      }
    >
      <View
        style={
          Object {
            "alignItems": "center",
            "flexDirection": "row",
            "justifyContent": "space-between",
            "width": "100%",
          }
        }
      >
        <Text
          style={
            Object {
              "fontSize": 40,
              "fontWeight": "600",
              "marginBottom": 0,
              "textAlign": "left",
            }
          }
        >
          Albums
        </Text>
        <Text
          onPress={[Function]}
          style={
            Object {
              "fontWeight": "700",
            }
          }
        >
          See All...
        </Text>
      </View>
      <View
        style={
          Object {
            "marginBottom": 5,
            "marginTop": 5,
            "width": "100%",
          }
        }
      />
      <View
        style={
          Object {
            "alignItems": "center",
            "flexDirection": "column",
            "paddingHorizontal": 12,
            "paddingVertical": 10,
          }
        }
      >
        <View
          accessible={true}
          focusable={true}
          isTVSelectable={true}
          onClick={[Function]}
          onResponderGrant={[Function]}
          onResponderMove={[Function]}
          onResponderRelease={[Function]}
          onResponderTerminate={[Function]}
          onResponderTerminationRequest={[Function]}
          onStartShouldSetResponder={[Function]}
          style={
            Object {
              "alignItems": "center",
              "flexDirection": "row",
              "height": 60,
              "opacity": 1,
              "width": "100%",
            }
          }
        >
          <Image
            source={
              Object {
                "uri": "",
              }
            }
            style={
              Object {
                "backgroundColor": "#ddd",
                "height": "100%",
                "width": 60,
              }
            }
          />
          <View
            style={
              Object {
                "height": "100%",
                "marginLeft": 5,
                "marginRight": 5,
              }
            }
          />
          <View
            style={
              Object {
                "flex": 1,
                "flexDirection": "column",
                "height": "100%",
                "justifyContent": "center",
              }
            }
          >
            <Text
              numberOfLines={1}
              style={
                Object {
                  "flex": 1,
                  "fontSize": 35,
                  "fontWeight": "600",
                  "marginBottom": 0,
                  "textAlign": "left",
                }
              }
            >
              
            </Text>
            <Text
              numberOfLines={1}
              style={
                Object {
                  "flex": 1,
                  "fontSize": 28,
                  "fontWeight": "600",
                  "marginBottom": 0,
                  "textAlign": "left",
                }
              }
            >
              
            </Text>
          </View>
        </View>
        <View
          style={
            Object {
              "marginBottom": 5,
              "marginTop": 5,
              "width": "100%",
            }
          }
        />
        <View
          accessible={true}
          focusable={true}
          isTVSelectable={true}
          onClick={[Function]}
          onResponderGrant={[Function]}
          onResponderMove={[Function]}
          onResponderRelease={[Function]}
          onResponderTerminate={[Function]}
          onResponderTerminationRequest={[Function]}
          onStartShouldSetResponder={[Function]}
          style={
            Object {
              "alignItems": "center",
              "flexDirection": "row",
              "height": 60,
              "opacity": 1,
              "width": "100%",
            }
          }
        >
          <Image
            source={
              Object {
                "uri": "",
              }
            }
            style={
              Object {
                "backgroundColor": "#ddd",
                "height": "100%",
                "width": 60,
              }
            }
          />
          <View
            style={
              Object {
                "height": "100%",
                "marginLeft": 5,
                "marginRight": 5,
              }
            }
          />
          <View
            style={
              Object {
                "flex": 1,
                "flexDirection": "column",
                "height": "100%",
                "justifyContent": "center",
              }
            }
          >
            <Text
              numberOfLines={1}
              style={
                Object {
                  "flex": 1,
                  "fontSize": 35,
                  "fontWeight": "600",
                  "marginBottom": 0,
                  "textAlign": "left",
                }
              }
            >
              
            </Text>
            <Text
              numberOfLines={1}
              style={
                Object {
                  "flex": 1,
                  "fontSize": 28,
                  "fontWeight": "600",
                  "marginBottom": 0,
                  "textAlign": "left",
                }
              }
            >
              
            </Text>
          </View>
        </View>
        <View
          style={
            Object {
              "marginBottom": 5,
              "marginTop": 5,
              "width": "100%",
            }
          }
        />
        <View
          accessible={true}
          focusable={true}
          isTVSelectable={true}
          onClick={[Function]}
          onResponderGrant={[Function]}
          onResponderMove={[Function]}
          onResponderRelease={[Function]}
          onResponderTerminate={[Function]}
          onResponderTerminationRequest={[Function]}
          onStartShouldSetResponder={[Function]}
          style={
            Object {
              "alignItems": "center",
              "flexDirection": "row",
              "height": 60,
              "opacity": 1,
              "width": "100%",
            }
          }
        >
          <Image
            source={
              Object {
                "uri": "",
              }
            }
            style={
              Object {
                "backgroundColor": "#ddd",
                "height": "100%",
                "width": 60,
              }
            }
          />
          <View
            style={
              Object {
                "height": "100%",
                "marginLeft": 5,
                "marginRight": 5,
              }
            }
          />
          <View
            style={
              Object {
                "flex": 1,
                "flexDirection": "column",
                "height": "100%",
                "justifyContent": "center",
              }
            }
          >
            <Text
              numberOfLines={1}
              style={
                Object {
                  "flex": 1,
                  "fontSize": 35,
                  "fontWeight": "600",
                  "marginBottom": 0,
                  "textAlign": "left",
                }
              }
            >
              
            </Text>
            <Text
              numberOfLines={1}
              style={
                Object {
                  "flex": 1,
                  "fontSize": 28,
                  "fontWeight": "600",
                  "marginBottom": 0,
                  "textAlign": "left",
                }
              }
            >
              
            </Text>
          </View>
        </View>
        <View
          style={
            Object {
              "marginBottom": 5,
              "marginTop": 5,
              "width": "100%",
            }
          }
        />
        <View
          accessible={true}
          focusable={true}
          isTVSelectable={true}
          onClick={[Function]}
          onResponderGrant={[Function]}
          onResponderMove={[Function]}
          onResponderRelease={[Function]}
          onResponderTerminate={[Function]}
          onResponderTerminationRequest={[Function]}
          onStartShouldSetResponder={[Function]}
          style={
            Object {
              "alignItems": "center",
              "flexDirection": "row",
              "height": 60,
              "opacity": 1,
              "width": "100%",
            }
          }
        >
          <Image
            source={
              Object {
                "uri": "",
              }
            }
            style={
              Object {
                "backgroundColor": "#ddd",
                "height": "100%",
                "width": 60,
              }
            }
          />
          <View
            style={
              Object {
                "height": "100%",
                "marginLeft": 5,
                "marginRight": 5,
              }
            }
          />
          <View
            style={
              Object {
                "flex": 1,
                "flexDirection": "column",
                "height": "100%",
                "justifyContent": "center",
              }
            }
          >
            <Text
              numberOfLines={1}
              style={
                Object {
                  "flex": 1,
                  "fontSize": 35,
                  "fontWeight": "600",
                  "marginBottom": 0,
                  "textAlign": "left",
                }
              }
            >
              
            </Text>
            <Text
              numberOfLines={1}
              style={
                Object {
                  "flex": 1,
                  "fontSize": 28,
                  "fontWeight": "600",
                  "marginBottom": 0,
                  "textAlign": "left",
                }
              }
            >
              
            </Text>
          </View>
        </View>
      </View>
    </View>
    <View
      style={
        Object {
          "alignItems": "center",
          "borderBottomColor": "#ddd",
          "borderBottomWidth": 1,
          "flexDirection": "column",
          "paddingHorizontal": 12,
          "paddingVertical": 15,
        }
      }
    >
      <View
        style={
          Object {
            "alignItems": "center",
            "flexDirection": "row",
            "justifyContent": "space-between",
            "width": "100%",
          }
        }
      >
        <Text
          style={
            Object {
              "fontSize": 40,
              "fontWeight": "600",
              "marginBottom": 0,
              "textAlign": "left",
            }
          }
        >
          Apps
        </Text>
        <Text
          onPress={[Function]}
          style={
            Object {
              "fontWeight": "700",
            }
          }
        >
          See All...
        </Text>
      </View>
      <View
        style={
          Object {
            "marginBottom": 5,
            "marginTop": 5,
            "width": "100%",
          }
        }
      />
      <View
        style={
          Object {
            "alignItems": "center",
            "flexDirection": "column",
            "paddingHorizontal": 12,
            "paddingVertical": 10,
          }
        }
      >
        <View
          accessible={true}
          focusable={true}
          isTVSelectable={true}
          onClick={[Function]}
          onResponderGrant={[Function]}
          onResponderMove={[Function]}
          onResponderRelease={[Function]}
          onResponderTerminate={[Function]}
          onResponderTerminationRequest={[Function]}
          onStartShouldSetResponder={[Function]}
          style={
            Object {
              "alignItems": "center",
              "flexDirection": "row",
              "height": 60,
              "opacity": 1,
              "width": "100%",
            }
          }
        >
          <Image
            source={
              Object {
                "uri": "",
              }
            }
            style={
              Object {
                "backgroundColor": "#ddd",
                "height": "100%",
                "width": 60,
              }
            }
          />
          <View
            style={
              Object {
                "height": "100%",
                "marginLeft": 5,
                "marginRight": 5,
              }
            }
          />
          <View
            style={
              Object {
                "flex": 1,
                "flexDirection": "column",
                "height": "100%",
                "justifyContent": "center",
              }
            }
          >
            <Text
              numberOfLines={1}
              style={
                Object {
                  "flex": 1,
                  "fontSize": 35,
                  "fontWeight": "600",
                  "marginBottom": 0,
                  "textAlign": "left",
                }
              }
            >
              
            </Text>
            <Text
              numberOfLines={1}
              style={
                Object {
                  "flex": 1,
                  "fontSize": 28,
                  "fontWeight": "600",
                  "marginBottom": 0,
                  "textAlign": "left",
                }
              }
            >
              
            </Text>
          </View>
        </View>
        <View
          style={
            Object {
              "marginBottom": 5,
              "marginTop": 5,
              "width": "100%",
            }
          }
        />
        <View
          accessible={true}
          focusable={true}
          isTVSelectable={true}
          onClick={[Function]}
          onResponderGrant={[Function]}
          onResponderMove={[Function]}
          onResponderRelease={[Function]}
          onResponderTerminate={[Function]}
          onResponderTerminationRequest={[Function]}
          onStartShouldSetResponder={[Function]}
          style={
            Object {
              "alignItems": "center",
              "flexDirection": "row",
              "height": 60,
              "opacity": 1,
              "width": "100%",
            }
          }
        >
          <Image
            source={
              Object {
                "uri": "",
              }
            }
            style={
              Object {
                "backgroundColor": "#ddd",
                "height": "100%",
                "width": 60,
              }
            }
          />
          <View
            style={
              Object {
                "height": "100%",
                "marginLeft": 5,
                "marginRight": 5,
              }
            }
          />
          <View
            style={
              Object {
                "flex": 1,
                "flexDirection": "column",
                "height": "100%",
                "justifyContent": "center",
              }
            }
          >
            <Text
              numberOfLines={1}
              style={
                Object {
                  "flex": 1,
                  "fontSize": 35,
                  "fontWeight": "600",
                  "marginBottom": 0,
                  "textAlign": "left",
                }
              }
            >
              
            </Text>
            <Text
              numberOfLines={1}
              style={
                Object {
                  "flex": 1,
                  "fontSize": 28,
                  "fontWeight": "600",
                  "marginBottom": 0,
                  "textAlign": "left",
                }
              }
            >
              
            </Text>
          </View>
        </View>
        <View
          style={
            Object {
              "marginBottom": 5,
              "marginTop": 5,
              "width": "100%",
            }
          }
        />
        <View
          accessible={true}
          focusable={true}
          isTVSelectable={true}
          onClick={[Function]}
          onResponderGrant={[Function]}
          onResponderMove={[Function]}
          onResponderRelease={[Function]}
          onResponderTerminate={[Function]}
          onResponderTerminationRequest={[Function]}
          onStartShouldSetResponder={[Function]}
          style={
            Object {
              "alignItems": "center",
              "flexDirection": "row",
              "height": 60,
              "opacity": 1,
              "width": "100%",
            }
          }
        >
          <Image
            source={
              Object {
                "uri": "",
              }
            }
            style={
              Object {
                "backgroundColor": "#ddd",
                "height": "100%",
                "width": 60,
              }
            }
          />
          <View
            style={
              Object {
                "height": "100%",
                "marginLeft": 5,
                "marginRight": 5,
              }
            }
          />
          <View
            style={
              Object {
                "flex": 1,
                "flexDirection": "column",
                "height": "100%",
                "justifyContent": "center",
              }
            }
          >
            <Text
              numberOfLines={1}
              style={
                Object {
                  "flex": 1,
                  "fontSize": 35,
                  "fontWeight": "600",
                  "marginBottom": 0,
                  "textAlign": "left",
                }
              }
            >
              
            </Text>
            <Text
              numberOfLines={1}
              style={
                Object {
                  "flex": 1,
                  "fontSize": 28,
                  "fontWeight": "600",
                  "marginBottom": 0,
                  "textAlign": "left",
                }
              }
            >
              
            </Text>
          </View>
        </View>
        <View
          style={
            Object {
              "marginBottom": 5,
              "marginTop": 5,
              "width": "100%",
            }
          }
        />
        <View
          accessible={true}
          focusable={true}
          isTVSelectable={true}
          onClick={[Function]}
          onResponderGrant={[Function]}
          onResponderMove={[Function]}
          onResponderRelease={[Function]}
          onResponderTerminate={[Function]}
          onResponderTerminationRequest={[Function]}
          onStartShouldSetResponder={[Function]}
          style={
            Object {
              "alignItems": "center",
              "flexDirection": "row",
              "height": 60,
              "opacity": 1,
              "width": "100%",
            }
          }
        >
          <Image
            source={
              Object {
                "uri": "",
              }
            }
            style={
              Object {
                "backgroundColor": "#ddd",
                "height": "100%",
                "width": 60,
              }
            }
          />
          <View
            style={
              Object {
                "height": "100%",
                "marginLeft": 5,
                "marginRight": 5,
              }
            }
          />
          <View
            style={
              Object {
                "flex": 1,
                "flexDirection": "column",
                "height": "100%",
                "justifyContent": "center",
              }
            }
          >
            <Text
              numberOfLines={1}
              style={
                Object {
                  "flex": 1,
                  "fontSize": 35,
                  "fontWeight": "600",
                  "marginBottom": 0,
                  "textAlign": "left",
                }
              }
            >
              
            </Text>
            <Text
              numberOfLines={1}
              style={
                Object {
                  "flex": 1,
                  "fontSize": 28,
                  "fontWeight": "600",
                  "marginBottom": 0,
                  "textAlign": "left",
                }
              }
            >
              
            </Text>
          </View>
        </View>
      </View>
    </View>
  </View>
</RCTScrollView>
`;
